// Jest Snapshot v1, https://goo.gl/fbAQLP

exports[`createCtActions Should create correct ct actions from request and mollies payment 1`] = `
Object {
  "action": "addInterfaceInteraction",
  "fields": Object {
    "actionType": "updateShipment",
    "createdAt": "2021-10-08T12:12:02.625Z",
    "request": "{\\"shipmentId\\":\\"shp_dhq5l7\\",\\"tracking\\":{\\"carrier\\":\\"PostNL\\",\\"code\\":\\"3SKABA000000000\\",\\"url\\":\\"http://postnl.nl/tracktrace/?B=3SKABA000000000&P=1015CW&D=NL&T=C\\"}}",
    "response": "{\\"resource\\":\\"shipment\\",\\"id\\":\\"shp_dhq5l7\\",\\"orderId\\":\\"ord_3uwvfd\\",\\"createdAt\\":\\"2021-10-28T14:30:25+00:00\\",\\"tracking\\":{\\"carrier\\":\\"PostNL\\",\\"code\\":\\"3SKABA000000000\\",\\"url\\":\\"http://postnl.nl/tracktrace/?B=3SKABA000000000&P=1015CW&D=NL&T=C\\"},\\"lines\\":[{\\"resource\\":\\"orderline\\",\\"id\\":\\"odl_1.juguf1\\",\\"orderId\\":\\"ord_3uwvfd\\",\\"name\\":\\"orange\\",\\"sku\\":null,\\"type\\":\\"physical\\",\\"status\\":\\"completed\\",\\"createdAt\\":\\"2021-10-28T14:20:27+00:00\\"}]}",
  },
  "type": Object {
    "key": "ct-mollie-integration-interface-interaction-type",
  },
}
`;

exports[`createCtActions Should create correct ct actions from request and mollies payment 2`] = `
Object {
  "action": "setCustomField",
  "name": "updateShipmentResponse",
  "value": "{\\"resource\\":\\"shipment\\",\\"id\\":\\"shp_dhq5l7\\",\\"orderId\\":\\"ord_3uwvfd\\",\\"createdAt\\":\\"2021-10-28T14:30:25+00:00\\",\\"tracking\\":{\\"carrier\\":\\"PostNL\\",\\"code\\":\\"3SKABA000000000\\",\\"url\\":\\"http://postnl.nl/tracktrace/?B=3SKABA000000000&P=1015CW&D=NL&T=C\\"},\\"lines\\":[{\\"resource\\":\\"orderline\\",\\"id\\":\\"odl_1.juguf1\\",\\"orderId\\":\\"ord_3uwvfd\\",\\"name\\":\\"orange\\",\\"sku\\":null,\\"type\\":\\"physical\\",\\"status\\":\\"completed\\",\\"createdAt\\":\\"2021-10-28T14:20:27+00:00\\"}]}",
}
`;
